============================= test session starts =============================
platform win32 -- Python 3.11.15, pytest-9.1.1, pluggy-1.6.0 -- C:\Users\empir\AppData\Local\hermes\hermes-agent\venv\Scripts\python.exe
cachedir: .pytest_cache
metadata: {'Python': '3.11.15', 'Platform': 'Windows-10-10.0.26220-SP0', 'Packages': {'pytest': '9.1.1', 'pluggy': '1.6.0'}, 'Plugins': {'anyio': '4.15.1', 'langsmith': '0.9.7', 'asyncio': '1.4.0', 'cov': '7.1.0', 'json-report': '1.5.0', 'metadata': '3.1.1'}, 'JAVA_HOME': 'C:\\Program Files\\Eclipse Adoptium\\jre-21.0.12.101-hotspot\\'}
rootdir: C:\Users\empir\workspace\skill-abi
plugins: anyio-4.15.1, langsmith-0.9.7, asyncio-1.4.0, cov-7.1.0, json-report-1.5.0, metadata-3.1.1
asyncio: mode=Mode.STRICT, debug=False, asyncio_default_fixture_loop_scope=None, asyncio_default_test_loop_scope=function
collecting ... collected 12 items

tests/test_verify_certificate.py::test_valid_static_certificate_verifies FAILED [  8%]
tests/test_verify_certificate.py::test_structural_json_only_rejected FAILED [ 16%]
tests/test_verify_certificate.py::test_skill_digest_mismatch_rejected FAILED [ 25%]
tests/test_verify_certificate.py::test_abi_digest_mismatch_rejected FAILED [ 33%]
tests/test_verify_certificate.py::test_lock_digest_mismatch_rejected FAILED [ 41%]
tests/test_verify_certificate.py::test_runtime_class_without_receipts_rejected PASSED [ 50%]
tests/test_verify_certificate.py::test_attested_unsigned_rejected PASSED [ 58%]
tests/test_verify_certificate.py::test_signed_without_signature_block_rejected FAILED [ 66%]
tests/test_verify_certificate.py::test_missing_evidence_file_rejected PASSED [ 75%]
tests/test_verify_certificate.py::test_missing_runtime_identifier_rejected PASSED [ 83%]
tests/test_verify_certificate.py::test_bad_evidence_class_rejected PASSED [ 91%]
Traceback (most recent call last):
  File "<frozen runpy>", line 198, in _run_module_as_main
  File "<frozen runpy>", line 88, in _run_code
  File "C:\Users\empir\AppData\Local\hermes\hermes-agent\venv\Lib\site-packages\pytest\__main__.py", line 9, in <module>
    raise SystemExit(_console_main())
                     ^^^^^^^^^^^^^^^
  File "C:\Users\empir\AppData\Local\hermes\hermes-agent\venv\Lib\site-packages\_pytest\config\__init__.py", line 253, in _console_main
    code = _main(prog=_get_prog_name(sys.argv))
           ^^^^^^^^^^^^^^^^^^^^^^^^^^^^^^^^^^^^
  File "C:\Users\empir\AppData\Local\hermes\hermes-agent\venv\Lib\site-packages\_pytest\config\__init__.py", line 229, in _main
    ret: ExitCode | int = config.hook.pytest_cmdline_main(config=config)
                          ^^^^^^^^^^^^^^^^^^^^^^^^^^^^^^^^^^^^^^^^^^^^^^
  File "C:\Users\empir\AppData\Local\hermes\hermes-agent\venv\Lib\site-packages\pluggy\_hooks.py", line 512, in __call__
    return self._hookexec(self.name, self._hookimpls.copy(), kwargs, firstresult)
           ^^^^^^^^^^^^^^^^^^^^^^^^^^^^^^^^^^^^^^^^^^^^^^^^^^^^^^^^^^^^^^^^^^^^^^
  File "C:\Users\empir\AppData\Local\hermes\hermes-agent\venv\Lib\site-packages\pluggy\_manager.py", line 120, in _hookexec
    return self._inner_hookexec(hook_name, methods, kwargs, firstresult)
           ^^^^^^^^^^^^^^^^^^^^^^^^^^^^^^^^^^^^^^^^^^^^^^^^^^^^^^^^^^^^^
  File "C:\Users\empir\AppData\Local\hermes\hermes-agent\venv\Lib\site-packages\pluggy\_callers.py", line 167, in _multicall
    raise exception
  File "C:\Users\empir\AppData\Local\hermes\hermes-agent\venv\Lib\site-packages\pluggy\_callers.py", line 121, in _multicall
    res = hook_impl.function(*args)
          ^^^^^^^^^^^^^^^^^^^^^^^^^
  File "C:\Users\empir\AppData\Local\hermes\hermes-agent\venv\Lib\site-packages\_pytest\main.py", line 377, in pytest_cmdline_main
    return wrap_session(config, _main)
           ^^^^^^^^^^^^^^^^^^^^^^^^^^^
  File "C:\Users\empir\AppData\Local\hermes\hermes-agent\venv\Lib\site-packages\_pytest\main.py", line 365, in wrap_session
    config.hook.pytest_sessionfinish(
  File "C:\Users\empir\AppData\Local\hermes\hermes-agent\venv\Lib\site-packages\pluggy\_hooks.py", line 512, in __call__
    return self._hookexec(self.name, self._hookimpls.copy(), kwargs, firstresult)
           ^^^^^^^^^^^^^^^^^^^^^^^^^^^^^^^^^^^^^^^^^^^^^^^^^^^^^^^^^^^^^^^^^^^^^^
  File "C:\Users\empir\AppData\Local\hermes\hermes-agent\venv\Lib\site-packages\pluggy\_manager.py", line 120, in _hookexec
    return self._inner_hookexec(hook_name, methods, kwargs, firstresult)
           ^^^^^^^^^^^^^^^^^^^^^^^^^^^^^^^^^^^^^^^^^^^^^^^^^^^^^^^^^^^^^
  File "C:\Users\empir\AppData\Local\hermes\hermes-agent\venv\Lib\site-packages\pluggy\_callers.py", line 167, in _multicall
    raise exception
  File "C:\Users\empir\AppData\Local\hermes\hermes-agent\venv\Lib\site-packages\pluggy\_callers.py", line 139, in _multicall
    teardown.throw(exception)
  File "C:\Users\empir\AppData\Local\hermes\hermes-agent\venv\Lib\site-packages\_pytest\logging.py", line 888, in pytest_sessionfinish
    return (yield)
            ^^^^^
  File "C:\Users\empir\AppData\Local\hermes\hermes-agent\venv\Lib\site-packages\pluggy\_callers.py", line 139, in _multicall
    teardown.throw(exception)
  File "C:\Users\empir\AppData\Local\hermes\hermes-agent\venv\Lib\site-packages\_pytest\terminal.py", line 961, in pytest_sessionfinish
    result = yield
             ^^^^^
  File "C:\Users\empir\AppData\Local\hermes\hermes-agent\venv\Lib\site-packages\pluggy\_callers.py", line 139, in _multicall
    teardown.throw(exception)
  File "C:\Users\empir\AppData\Local\hermes\hermes-agent\venv\Lib\site-packages\_pytest\warnings.py", line 119, in pytest_sessionfinish
    return (yield)
            ^^^^^
  File "C:\Users\empir\AppData\Local\hermes\hermes-agent\venv\Lib\site-packages\pluggy\_callers.py", line 121, in _multicall
    res = hook_impl.function(*args)
          ^^^^^^^^^^^^^^^^^^^^^^^^^
  File "C:\Users\empir\AppData\Local\hermes\hermes-agent\venv\Lib\site-packages\_pytest\tmpdir.py", line 340, in pytest_sessionfinish
    tmp_path_factory._exit_stack.close()
  File "C:\Users\empir\AppData\Roaming\uv\python\cpython-3.11-windows-x86_64-none\Lib\contextlib.py", line 609, in close
    self.__exit__(None, None, None)
  File "C:\Users\empir\AppData\Roaming\uv\python\cpython-3.11-windows-x86_64-none\Lib\contextlib.py", line 601, in __exit__
    raise exc_details[1]
  File "C:\Users\empir\AppData\Roaming\uv\python\cpython-3.11-windows-x86_64-none\Lib\contextlib.py", line 586, in __exit__
    if cb(*exc_details):
       ^^^^^^^^^^^^^^^^
  File "C:\Users\empir\AppData\Roaming\uv\python\cpython-3.11-windows-x86_64-none\Lib\contextlib.py", line 469, in _exit_wrapper
    callback(*args, **kwds)
  File "C:\Users\empir\AppData\Local\hermes\hermes-agent\venv\Lib\site-packages\_pytest\pathlib.py", line 371, in cleanup_numbered_dir
    cleanup_dead_symlinks(root)
  File "C:\Users\empir\AppData\Local\hermes\hermes-agent\venv\Lib\site-packages\_pytest\pathlib.py", line 356, in cleanup_dead_symlinks
    if not left_dir.resolve().exists():
           ^^^^^^^^^^^^^^^^^^^^^^^^^^^
  File "C:\Users\empir\AppData\Roaming\uv\python\cpython-3.11-windows-x86_64-none\Lib\pathlib.py", line 1235, in exists
    self.stat()
  File "C:\Users\empir\AppData\Roaming\uv\python\cpython-3.11-windows-x86_64-none\Lib\pathlib.py", line 1013, in stat
    return os.stat(self, follow_symlinks=follow_symlinks)
           ^^^^^^^^^^^^^^^^^^^^^^^^^^^^^^^^^^^^^^^^^^^^^^
PermissionError: [WinError 5] Adgang n�gtet: 'C:\\Users\\empir\\AppData\\Local\\Temp\\pytest-of-empir\\pytest-current'
tests/test_verify_certificate.py::test_historical_example_certificate_rejected PASSED [100%]
